// Jest Snapshot v1, https://goo.gl/fbAQLP

exports[`matches the main App snapshot 1`] = `
Array [
  <nav>
    <a
      className="brand"
      href="/"
    >
      Weather Forecast App
    </a>
    <ul
      className="nav-links"
    >
      <li>
        <a
          className="link"
          href="/signup"
        >
          Sign Up
        </a>
      </li>
      <li>
        <a
          className="small-btn"
          href="/signin"
        >
          Sign In
        </a>
      </li>
    </ul>
  </nav>,
  <div
    className="landing-page-container"
  >
    <div
      className="landing-page-content"
    >
      <div
        className="landing-page-text"
      >
        <div
          className="landing-page-title"
        >
          Get real-time weather conditions and forecasts in your city
        </div>
        <a
          className="cta-btn"
          href="/signup"
        >
          Get started
        </a>
      </div>
      <div
        className="landing-page-widget"
      >
        <img
          alt="Weather widget"
          className="st-widget"
          src="widget.svg"
        />
      </div>
    </div>
  </div>,
]
`;
